// Jest Snapshot v1, https://goo.gl/fbAQLP

exports[`OtherProductSkeleton component should match snapshot 1`] = `
<div>
  <div
    class="w-full"
  >
    <b
      class="text-tremor-primary font-semibold dark:text-white"
    >
      Other Products
    </b>
    <div
      class="w-full h-96 mt-5 rounded-lg bg-gray-200 dark:bg-gray-700 animate-pulse"
    />
  </div>
</div>
`;
