// Jest Snapshot v1, https://goo.gl/fbAQLP

exports[`ProductDetailsSkeleton component should match snapshot 1`] = `
<div>
  <div
    class="flex flex-col md:flex-row w-full lg:w-[30%] h-[400px] rounded-lg animate-pulse gap-2 justify-between mb-10"
  >
    <div
      class="w-full h-[310px] lg:h-[350px]"
    >
      <div
        class="m-auto w-[75%] h-full bg-gray-200 dark:bg-gray-700 rounded-lg"
      />
    </div>
  </div>
</div>
`;
