// Jest Snapshot v1, https://goo.gl/fbAQLP

exports[`PinCodeField Should match snapshot 1`] = `
<div>
  <input
    class="w-8 sm:w-full h-8 sm:h-10 border-2 rounded-md outline-none border-secondary focus:border-tremor-secondary text-center font-bold text-2xl text-primary dark:text-white placeholder-secondary focus:placeholder-transparent dark:bg-transparent dark:border-white focus:dark:border-tremor-secondary dark:placeholder-white focus:dark:placeholder-transparent"
    data-testid="pin-code-input"
    inputmode="numeric"
    maxlength="1"
    placeholder="â—‹"
    type="password"
    value=""
  />
</div>
`;
