// Jest Snapshot v1, https://goo.gl/fbAQLP

exports[`NoPermissionContent Testing Should match snapshot 1`] = `
{
  "asFragment": [Function],
  "baseElement": <body>
    <div>
      <div
        class="tremor-Flex-root flex w-full flex-col items-center inset-0 justify-center mt-48"
      >
        <svg
          class="w-10 text-gray-400"
          fill="currentColor"
          height="64"
          stroke="currentColor"
          stroke-width="0"
          viewBox="0 0 24 24"
          width="64"
          xmlns="http://www.w3.org/2000/svg"
        >
          <path
            d="M0 0h24v24H0V0z"
            fill="none"
          />
          <circle
            cx="15.5"
            cy="9.5"
            r="1.5"
          />
          <circle
            cx="8.5"
            cy="9.5"
            r="1.5"
          />
          <path
            d="M12 14c-2.33 0-4.32 1.45-5.12 3.5h1.67c.69-1.19 1.97-2 3.45-2s2.75.81 3.45 2h1.67c-.8-2.05-2.79-3.5-5.12-3.5zm-.01-12C6.47 2 2 6.48 2 12s4.47 10 9.99 10C17.52 22 22 17.52 22 12S17.52 2 11.99 2zM12 20c-4.42 0-8-3.58-8-8s3.58-8 8-8 8 3.58 8 8-3.58 8-8 8z"
          />
        </svg>
        <h2
          class="text-sm lg:text-lg text-center text-tremor-content-title dark:text-dark-tremor-content-title my-2"
        >
          Apologies, but you require additional permissions to access this page.
        </h2>
        <a
          class="text-white text-sm rounded-lg bg-gradient-pickled py-3 px-6 mt-8 border-none text-center"
          href="/analytics"
        >
          Back to Home
        </a>
      </div>
    </div>
  </body>,
  "container": <div>
    <div
      class="tremor-Flex-root flex w-full flex-col items-center inset-0 justify-center mt-48"
    >
      <svg
        class="w-10 text-gray-400"
        fill="currentColor"
        height="64"
        stroke="currentColor"
        stroke-width="0"
        viewBox="0 0 24 24"
        width="64"
        xmlns="http://www.w3.org/2000/svg"
      >
        <path
          d="M0 0h24v24H0V0z"
          fill="none"
        />
        <circle
          cx="15.5"
          cy="9.5"
          r="1.5"
        />
        <circle
          cx="8.5"
          cy="9.5"
          r="1.5"
        />
        <path
          d="M12 14c-2.33 0-4.32 1.45-5.12 3.5h1.67c.69-1.19 1.97-2 3.45-2s2.75.81 3.45 2h1.67c-.8-2.05-2.79-3.5-5.12-3.5zm-.01-12C6.47 2 2 6.48 2 12s4.47 10 9.99 10C17.52 22 22 17.52 22 12S17.52 2 11.99 2zM12 20c-4.42 0-8-3.58-8-8s3.58-8 8-8 8 3.58 8 8-3.58 8-8 8z"
        />
      </svg>
      <h2
        class="text-sm lg:text-lg text-center text-tremor-content-title dark:text-dark-tremor-content-title my-2"
      >
        Apologies, but you require additional permissions to access this page.
      </h2>
      <a
        class="text-white text-sm rounded-lg bg-gradient-pickled py-3 px-6 mt-8 border-none text-center"
        href="/analytics"
      >
        Back to Home
      </a>
    </div>
  </div>,
  "debug": [Function],
  "findAllByAltText": [Function],
  "findAllByDisplayValue": [Function],
  "findAllByLabelText": [Function],
  "findAllByPlaceholderText": [Function],
  "findAllByRole": [Function],
  "findAllByTestId": [Function],
  "findAllByText": [Function],
  "findAllByTitle": [Function],
  "findByAltText": [Function],
  "findByDisplayValue": [Function],
  "findByLabelText": [Function],
  "findByPlaceholderText": [Function],
  "findByRole": [Function],
  "findByTestId": [Function],
  "findByText": [Function],
  "findByTitle": [Function],
  "getAllByAltText": [Function],
  "getAllByDisplayValue": [Function],
  "getAllByLabelText": [Function],
  "getAllByPlaceholderText": [Function],
  "getAllByRole": [Function],
  "getAllByTestId": [Function],
  "getAllByText": [Function],
  "getAllByTitle": [Function],
  "getByAltText": [Function],
  "getByDisplayValue": [Function],
  "getByLabelText": [Function],
  "getByPlaceholderText": [Function],
  "getByRole": [Function],
  "getByTestId": [Function],
  "getByText": [Function],
  "getByTitle": [Function],
  "queryAllByAltText": [Function],
  "queryAllByDisplayValue": [Function],
  "queryAllByLabelText": [Function],
  "queryAllByPlaceholderText": [Function],
  "queryAllByRole": [Function],
  "queryAllByTestId": [Function],
  "queryAllByText": [Function],
  "queryAllByTitle": [Function],
  "queryByAltText": [Function],
  "queryByDisplayValue": [Function],
  "queryByLabelText": [Function],
  "queryByPlaceholderText": [Function],
  "queryByRole": [Function],
  "queryByTestId": [Function],
  "queryByText": [Function],
  "queryByTitle": [Function],
  "rerender": [Function],
  "unmount": [Function],
}
`;
