// Jest Snapshot v1, https://goo.gl/fbAQLP

exports[`SelectOption Should render SelectOption snapshot correctly 1`] = `
<div>
  <div
    id="outside-element"
  />
  <div
    class="w-fit p-2 rounded-md dark:bg-transparent max-w-[220px]"
    data-testid="list-option"
  >
    <button
      class="tremor-Button-root shrink-0 inline-flex justify-center items-center group outline-none rounded-tremor-default border shadow-tremor-input dark:shadow-dark-tremor-input text-sm box-shadow-transparent uppercase float-end py-[9px] px-[26px] font-bold bg-transparent border-primary hover:text-light dark:hover:text-light focus:border-primary hover:border-primary text-primary focus:text-white dark:text-white hover:bg-transparent focus:bg-primary rounded-lg dark:border-primary dark:bg-transparent dark:hover:border-primary dark:hover:bg-transparent dark:focus:bg-dark-secondary"
      data-testid="toggle-select"
    >
      <span
        class="tremor-Button-text text-tremor-default whitespace-nowrap"
      >
        Test Title: Option 1
      </span>
      <svg
        class="tremor-Button-icon shrink-0 h-5 w-5 -mr-1 ml-1.5"
        fill="currentColor"
        height="1em"
        stroke="currentColor"
        stroke-width="0"
        viewBox="0 0 24 24"
        width="1em"
        xmlns="http://www.w3.org/2000/svg"
      >
        <path
          d="M12 15.0006L7.75732 10.758L9.17154 9.34375L12 12.1722L14.8284 9.34375L16.2426 10.758L12 15.0006Z"
        />
      </svg>
    </button>
  </div>
</div>
`;

exports[`SelectOption render empty select option is Filters 1`] = `
<div>
  <div
    id="outside-element"
  />
  <div
    class="w-fit p-2 rounded-md dark:bg-transparent max-w-[220px]"
    data-testid="list-option"
  >
    <button
      class="tremor-Button-root shrink-0 inline-flex justify-center items-center group outline-none rounded-tremor-default border shadow-tremor-input dark:shadow-dark-tremor-input text-sm box-shadow-transparent uppercase float-end py-[9px] px-[26px] font-bold bg-transparent border-primary hover:text-light dark:hover:text-light focus:border-primary hover:border-primary text-primary focus:text-white dark:text-white hover:bg-transparent focus:bg-primary rounded-lg dark:border-primary dark:bg-transparent dark:hover:border-primary dark:hover:bg-transparent dark:focus:bg-dark-secondary"
      data-testid="toggle-select"
    >
      <span
        class="tremor-Button-text text-tremor-default whitespace-nowrap"
      >
        Filters
      </span>
      <svg
        class="tremor-Button-icon shrink-0 h-5 w-5 -mr-1 ml-1.5"
        fill="currentColor"
        height="1em"
        stroke="currentColor"
        stroke-width="0"
        viewBox="0 0 24 24"
        width="1em"
        xmlns="http://www.w3.org/2000/svg"
      >
        <path
          d="M12 15.0006L7.75732 10.758L9.17154 9.34375L12 12.1722L14.8284 9.34375L16.2426 10.758L12 15.0006Z"
        />
      </svg>
    </button>
  </div>
</div>
`;

exports[`SelectOption should handle clicked outside 1`] = `
<div>
  <div
    id="outside-element"
  />
  <div
    class="w-fit p-2 rounded-md dark:bg-transparent max-w-[220px]"
    data-testid="list-option"
  >
    <button
      class="tremor-Button-root shrink-0 inline-flex justify-center items-center group outline-none rounded-tremor-default border shadow-tremor-input dark:shadow-dark-tremor-input text-sm box-shadow-transparent uppercase float-end py-[9px] px-[26px] font-bold bg-transparent border-primary hover:text-light dark:hover:text-light focus:border-primary hover:border-primary text-primary focus:text-white dark:text-white hover:bg-transparent focus:bg-primary rounded-lg dark:border-primary dark:bg-transparent dark:hover:border-primary dark:hover:bg-transparent dark:focus:bg-dark-secondary"
      data-testid="toggle-select"
    >
      <span
        class="tremor-Button-text text-tremor-default whitespace-nowrap"
      >
        Test Title: Option 1
      </span>
      <svg
        class="tremor-Button-icon shrink-0 h-5 w-5 -mr-1 ml-1.5"
        fill="currentColor"
        height="1em"
        stroke="currentColor"
        stroke-width="0"
        viewBox="0 0 24 24"
        width="1em"
        xmlns="http://www.w3.org/2000/svg"
      >
        <path
          d="M12 15.0006L7.75732 10.758L9.17154 9.34375L12 12.1722L14.8284 9.34375L16.2426 10.758L12 15.0006Z"
        />
      </svg>
    </button>
  </div>
</div>
`;
