// Jest Snapshot v1, https://goo.gl/fbAQLP

exports[`CustomList component should render item list correctly 1`] = `
<div>
  <p
    class="text-tertiary text-xs dark:text-lighter font-semibold leading-[15px] tracking-[0.4px] truncate order-product first:pt-0 last:pt-5 first:pb-0 last:pb-0 border-0 dark:border-grayish border-t border-gray-100 first:mb-5 first:border-0 w-[180px]"
    data-testid="order-product"
  >
    Premium Support
  </p>
  <p
    class="text-tertiary text-xs dark:text-lighter font-semibold leading-[15px] tracking-[0.4px] truncate order-product first:pt-0 last:pt-5 first:pb-0 last:pb-0 border-0 dark:border-grayish border-t border-gray-100 first:mb-5 first:border-0 w-[180px]"
    data-testid="order-product"
  >
    Metro Dashboard
  </p>
  <p
    class="text-tertiary text-xs dark:text-lighter font-semibold leading-[15px] tracking-[0.4px] truncate order-product first:pt-0 last:pt-5 first:pb-0 last:pb-0 border-0 dark:border-grayish border-t border-gray-100 first:mb-5 first:border-0 w-[180px]"
    data-testid="order-product"
  >
    Parts for service
  </p>
</div>
`;
