// Jest Snapshot v1, https://goo.gl/fbAQLP

exports[`ProductDetail Testing should match snapshot 1`] = `
<div>
  <div
    as="section"
    class="tremor-Flex-root flex w-full flex-col justify-start items-start lg:flex-row"
  >
    <div
      class="tremor-Flex-root flex w-full flex-row justify-between items-center lg:w-[30%] relative h-[350px]"
    >
      <img
        alt="product-detail"
        class="rounded-lg lg:w-full lg:h-full object-scale-down"
        data-nimg="fill"
        decoding="async"
        fetchpriority="high"
        sizes="100vw"
        src="http://localhost/_next/image?url=https%3A%2F%2Fdemos.creative-tim.com%2Fnextjs-material-dashboard-pro%2F%2F_next%2Fstatic%2Fmedia%2Fblack-chair.b2719b4f.jpeg&w=3840&q=40"
        srcset="/_next/image?url=https%3A%2F%2Fdemos.creative-tim.com%2Fnextjs-material-dashboard-pro%2F%2F_next%2Fstatic%2Fmedia%2Fblack-chair.b2719b4f.jpeg&w=640&q=40 640w, /_next/image?url=https%3A%2F%2Fdemos.creative-tim.com%2Fnextjs-material-dashboard-pro%2F%2F_next%2Fstatic%2Fmedia%2Fblack-chair.b2719b4f.jpeg&w=750&q=40 750w, /_next/image?url=https%3A%2F%2Fdemos.creative-tim.com%2Fnextjs-material-dashboard-pro%2F%2F_next%2Fstatic%2Fmedia%2Fblack-chair.b2719b4f.jpeg&w=828&q=40 828w, /_next/image?url=https%3A%2F%2Fdemos.creative-tim.com%2Fnextjs-material-dashboard-pro%2F%2F_next%2Fstatic%2Fmedia%2Fblack-chair.b2719b4f.jpeg&w=1080&q=40 1080w, /_next/image?url=https%3A%2F%2Fdemos.creative-tim.com%2Fnextjs-material-dashboard-pro%2F%2F_next%2Fstatic%2Fmedia%2Fblack-chair.b2719b4f.jpeg&w=1200&q=40 1200w, /_next/image?url=https%3A%2F%2Fdemos.creative-tim.com%2Fnextjs-material-dashboard-pro%2F%2F_next%2Fstatic%2Fmedia%2Fblack-chair.b2719b4f.jpeg&w=1920&q=40 1920w, /_next/image?url=https%3A%2F%2Fdemos.creative-tim.com%2Fnextjs-material-dashboard-pro%2F%2F_next%2Fstatic%2Fmedia%2Fblack-chair.b2719b4f.jpeg&w=2048&q=40 2048w, /_next/image?url=https%3A%2F%2Fdemos.creative-tim.com%2Fnextjs-material-dashboard-pro%2F%2F_next%2Fstatic%2Fmedia%2Fblack-chair.b2719b4f.jpeg&w=3840&q=40 3840w"
        style="position: absolute; height: 100%; width: 100%; left: 0px; top: 0px; right: 0px; bottom: 0px; color: transparent;"
      />
    </div>
    <div
      class="tremor-Flex-root flex w-full flex-col justify-start items-start lg:px-[100px] pt-6 lg:pt-0 lg:w-[70%]"
    >
      <div
        class="tremor-Flex-root flex w-full flex-col justify-between items-start antialiased font-primary lg:w-80%"
      >
        <h2
          class="text-primary dark:text-white font-bold text-3xl mb-3"
        >
          Christopher Knight Home
        </h2>
        <div
          class="tremor-Flex-root flex w-full flex-row justify-start items-center gap-2"
        >
          <svg
            class="text-secondary dark:text-lighter"
            fill="currentColor"
            height="18"
            stroke="currentColor"
            stroke-width="0"
            viewBox="0 0 576 512"
            width="18"
            xmlns="http://www.w3.org/2000/svg"
          >
            <path
              d="M259.3 17.8L194 150.2 47.9 171.5c-26.2 3.8-36.7 36.1-17.7 54.6l105.7 103-25 145.5c-4.5 26.3 23.2 46 46.4 33.7L288 439.6l130.7 68.7c23.2 12.2 50.9-7.4 46.4-33.7l-25-145.5 105.7-103c19-18.5 8.5-50.8-17.7-54.6L382 150.2 316.7 17.8c-11.7-23.6-45.6-23.9-57.4 0z"
            />
          </svg>
          <svg
            class="text-secondary dark:text-lighter"
            fill="currentColor"
            height="18"
            stroke="currentColor"
            stroke-width="0"
            viewBox="0 0 576 512"
            width="18"
            xmlns="http://www.w3.org/2000/svg"
          >
            <path
              d="M259.3 17.8L194 150.2 47.9 171.5c-26.2 3.8-36.7 36.1-17.7 54.6l105.7 103-25 145.5c-4.5 26.3 23.2 46 46.4 33.7L288 439.6l130.7 68.7c23.2 12.2 50.9-7.4 46.4-33.7l-25-145.5 105.7-103c19-18.5 8.5-50.8-17.7-54.6L382 150.2 316.7 17.8c-11.7-23.6-45.6-23.9-57.4 0z"
            />
          </svg>
          <svg
            class="text-secondary dark:text-lighter"
            fill="currentColor"
            height="18"
            stroke="currentColor"
            stroke-width="0"
            viewBox="0 0 576 512"
            width="18"
            xmlns="http://www.w3.org/2000/svg"
          >
            <path
              d="M259.3 17.8L194 150.2 47.9 171.5c-26.2 3.8-36.7 36.1-17.7 54.6l105.7 103-25 145.5c-4.5 26.3 23.2 46 46.4 33.7L288 439.6l130.7 68.7c23.2 12.2 50.9-7.4 46.4-33.7l-25-145.5 105.7-103c19-18.5 8.5-50.8-17.7-54.6L382 150.2 316.7 17.8c-11.7-23.6-45.6-23.9-57.4 0z"
            />
          </svg>
          <svg
            class="text-secondary dark:text-lighter"
            fill="currentColor"
            height="18"
            stroke="currentColor"
            stroke-width="0"
            viewBox="0 0 576 512"
            width="18"
            xmlns="http://www.w3.org/2000/svg"
          >
            <path
              d="M259.3 17.8L194 150.2 47.9 171.5c-26.2 3.8-36.7 36.1-17.7 54.6l105.7 103-25 145.5c-4.5 26.3 23.2 46 46.4 33.7L288 439.6l130.7 68.7c23.2 12.2 50.9-7.4 46.4-33.7l-25-145.5 105.7-103c19-18.5 8.5-50.8-17.7-54.6L382 150.2 316.7 17.8c-11.7-23.6-45.6-23.9-57.4 0z"
            />
          </svg>
          <svg
            class="text-secondary  dark:text-lighter"
            fill="currentColor"
            height="18"
            stroke="currentColor"
            stroke-width="0"
            viewBox="0 0 536 512"
            width="18"
            xmlns="http://www.w3.org/2000/svg"
          >
            <path
              d="M508.55 171.51L362.18 150.2 296.77 17.81C290.89 5.98 279.42 0 267.95 0c-11.4 0-22.79 5.9-28.69 17.81l-65.43 132.38-146.38 21.29c-26.25 3.8-36.77 36.09-17.74 54.59l105.89 103-25.06 145.48C86.98 495.33 103.57 512 122.15 512c4.93 0 10-1.17 14.87-3.75l130.95-68.68 130.94 68.7c4.86 2.55 9.92 3.71 14.83 3.71 18.6 0 35.22-16.61 31.66-37.4l-25.03-145.49 105.91-102.98c19.04-18.5 8.52-50.8-17.73-54.6zm-121.74 123.2l-18.12 17.62 4.28 24.88 19.52 113.45-102.13-53.59-22.38-11.74.03-317.19 51.03 103.29 11.18 22.63 25.01 3.64 114.23 16.63-82.65 80.38z"
            />
          </svg>
        </div>
        <div
          class="tremor-Flex-root flex w-full flex-col justify-start items-start mt-5"
        >
          <p
            class="text-tremor-title font-semibold text-primary dark:text-white"
          >
            Price
          </p>
          <div
            class="tremor-Flex-root flex w-full flex-col justify-between items-start text-xl font-semibold font-primary text-primary dark:text-white"
            data-testid="total-price"
          >
            $89.53
          </div>
        </div>
        <p
          class="text-tremor-default p-2 mt-4 font-bold text-xs rounded-tremor-small leading-[9px] tracking-[0.18px] uppercase text-white bg-red-600 dark:text-white dard:bg-red-400"
        >
          Out Of Stock
        </p>
        <div
          class="tremor-Flex-root flex w-full flex-col justify-between items-start mt-10"
        >
          <p
            class="text-tremor-default text-tertiary dark:text-lighter mb-4"
          >
            Quantity
          </p>
          <p
            class="text-tremor-default text-tremor-content dark:text-dark-tremor-content"
          >
            0
          </p>
        </div>
      </div>
      <a
        class="rounded-lg uppercase font-bold text-xs text-white dark:bg-gradient-pickled py-3 px-5 mt-8 bg-gradient-primary shadow-btn-primary hover:shadow-btn-primary-hover hover:dark:bg-gradient-pickled border-none dark:text-white w-full lg:w-auto text-center tracking-wide"
        href="/products/230019/edit-product"
      >
        Edit Product
      </a>
    </div>
  </div>
</div>
`;
