// Jest Snapshot v1, https://goo.gl/fbAQLP

exports[`InputSearch component Should matches snapshot 1`] = `
<div>
  <div
    class="tremor-Flex-root flex w-full flex-col justify-between items-end relative"
  >
    <div
      class="tremor-Flex-root flex w-full flex-row justify-end items-center p-6 relative pb-2"
    >
      <div
        class="tremor-TextInput-root relative flex items-center outline-none rounded-tremor-default transition duration-100 border shadow-tremor-input dark:shadow-dark-tremor-input bg-tremor-background hover:bg-tremor-background-muted dark:hover:bg-dark-tremor-background-muted text-tremor-content-emphasis dark:text-dark-tremor-content-emphasis border-tremor-border w-auto min-w-[185px] dark:bg-transparent dark:border-white ring-0"
      >
        <input
          class="tremor-TextInput-input w-full bg-transparent focus:outline-none focus:ring-0 border-none text-tremor-default rounded-tremor-default transition duration-100 py-2 text-tremor-content-emphasis dark:text-dark-tremor-content-emphasis [appearance:textfield] [&::-webkit-outer-spin-button]:appearance-none [&::-webkit-inner-spin-button]:appearance-none pr-3 pl-3 placeholder:text-tremor-content dark:placeholder:text-dark-tremor-content"
          data-testid="test-input-search"
          id="search_order"
          placeholder="Search..."
          style="padding-right: 1rem;"
          type="text"
          value="query"
        />
      </div>
      <svg
        class="text-xs text-white bg-black dark:text-black dark:bg-white absolute right-8 p-[2px] cursor-pointer rounded-full z-[1]"
        data-testid="close-button"
        fill="currentColor"
        height="1em"
        stroke="currentColor"
        stroke-width="0"
        viewBox="0 0 24 24"
        width="1em"
        xmlns="http://www.w3.org/2000/svg"
      >
        <path
          d="M0 0h24v24H0z"
          fill="none"
        />
        <path
          d="M19 6.41L17.59 5 12 10.59 6.41 5 5 6.41 10.59 12 5 17.59 6.41 19 12 13.41 17.59 19 19 17.59 13.41 12z"
        />
      </svg>
    </div>
    <p
      class="text-tremor-default text-xs text-red-500 dark:text-red-500 w-[233px] pr-6 pb-6"
    >
      Have error
    </p>
  </div>
</div>
`;
